
--- Run started: 2026-08-22T17:56:31.172Z ---
Sandcastle Run
  Agent: implement
  Sandbox: docker
  Max iterations: 1
  Branch: feat/34-delete-dead-code-components
Iteration 1/1
Setting up sandbox
  CI=true pnpm install --frozen-lockfile
Setting up sandbox done (16.7s)
Agent started
I'll start by reading the repo's agent configuration and the implement skill.
Bash(cat /home/agent/workspace/.agents/skills/implement/SKILL.md)
Bash(grep -rn "Callout" --include="*.tsx" --include="*.ts" --include="*.mdx" -l . 2>/dev/null | grep -v node_modules)
Bash(grep -rn "InlineTOC" --include="*.tsx" --include="*.ts" --include="*.mdx" -l . 2>/dev/null | grep -v node_modules)
Bash(grep -rn "Collapsible" --include="*.tsx" --include="*.ts" --include="*.mdx" -l . 2>/dev/null | grep -v node_modules)
Bash(grep -n "InlineTOC\|Callout\|Collapsible" /home/agent/workspace/src/content/docs/components.mdx)
Confirmed: `components.mdx` already imports `InlineTOC` from `fumadocs-ui/components/inline-toc`, not the local one. Let me do a final confirmation search for any other references (case variations, re-exports, index files) before deleting.
Bash(cd /home/agent/workspace
echo "=== grep for callout.tsx path/import ==="
grep -rn "components/callout\|from '\./callout'\|from '@/components/callout'" --include="*.ts" --include="*.tsx" --include="*.mdx" . 2>/dev/null | grep -v node_modules
echo "=== grep for inline-toc path/import ==="
grep -rn "components/inline-toc\|from '\./inline-toc'\|from '@/components/inline-toc'" --include="*.ts" --include="*.tsx" --include="*.mdx" . 2>/dev/null | grep -v node_modules
echo "=== grep for ui/collapsible path/import ==="
grep -rn "ui/collapsible" --include="*.ts" --include="*.tsx" --include="*.mdx" . 2>/dev/null | grep -v node_modules
echo "=== any index.ts barrel exports referencing these ==="
grep -rln "callout\|inline-toc\|collapsible" --include="index.ts" --include="index.tsx" . 2>/dev/null | grep -v node_modules
)
Bash(sed -n '1,25p' src/content/docs/components.mdx)
Bash(cd /home/agent/workspace
grep -rn "@radix-ui/react-collapsible" --include="*.ts" --include="*.tsx" --include="*.json" . 2>/dev/null | grep -v node_modules
echo "---"
cat package.json | grep -n "radix-ui/react-collapsible\|@fumadocs")
Bash(ls pnpm-lock.yaml 2>/dev/null && echo exists)
Now let's delete the three dead-code files and remove the now-unused dependency.
Bash(git rm src/components/callout.tsx src/components/inline-toc.tsx src/components/ui/collapsible.tsx)
Bash(timeout 120 pnpm install 2>&1 | tail -30)
Bash(git diff --stat pnpm-lock.yaml package.json)
Good, that's a minimal, clean diff — just the collapsible dependency line removed. The "fumadocs-ui" mention in the install output was just pnpm's summary noise (peer dep resolution), not an actual lockfile change.
Bash(git diff pnpm-lock.yaml)
Clean. Now let's run typecheck, lint, and build.
Bash(timeout 180 pnpm exec tsc --noEmit 2>&1 | tail -60)
Bash(cat tsconfig.json | head -40)
Bash(timeout 180 pnpm exec tsc --noEmit --incremental false 2>&1 | tail -80; echo "EXIT: $?")
Bash(cat package.json | grep -n "\"tsc\"\|turbo\|nx " ; which tsc; ls node_modules/.bin/tsc; cat node_modules/.bin/tsc | head -5)
Bash(timeout 180 node_modules/.bin/tsc --noEmit 2>&1 | tail -100; echo "EXIT CODE: $?")
Good, direct tsc run confirms no type errors, exit code 0. The "Already up to date" was just pnpm's own exec caching message. Now let's run eslint and the build.
Bash(timeout 180 pnpm exec eslint . 2>&1 | tail -100; echo "EXIT: $?")
Pre-existing warning unrelated to our change, exit 0. Now the build.
Bash(timeout 300 pnpm build 2>&1 | tail -150; echo "EXIT: $?")
Bash(free -h; nproc)
Bash(cd /home/agent/workspace
git stash
timeout 300 pnpm build 2>&1 | tail -40; echo "EXIT: $?"
)
The baseline branch also OOM-kills on `pnpm build` — confirms this is a pre-existing sandbox memory constraint (1.9GB RAM), not something my change caused. But I notice the stash message references branch `feat/33-swap-fumadocs-ui-to-base-ui`, not the expected `feat/34-...` branch. Let me check what branch I'm actually on before restoring my changes.
Bash(git branch --show-current; git log --oneline -3; git stash list)
Bash(git stash pop)
Bash(git branch -a | grep -i "34\|33"; echo "---"; git log --oneline origin/epic/28-refactor-ui-base-ui-shadcn -5 2>&1; echo "---fetch---"; timeout 30 git fetch origin 2>&1 | tail -20)
Bash(git worktree list; echo "---reflog---"; git reflog -10; echo "---status---"; git status)
I've found a serious environment inconsistency: the task states branch `feat/34-delete-dead-code-components` is checked out, but the actual repo HEAD is on `feat/33-swap-fumadocs-ui-to-base-ui` (with issue #33's WIP commit `0c7cf3e` and a `repair-context-33.md` file already present before I touched anything). The reflog shows something checked out branch 34, then moved back to branch 33 and did a reset — this happened before my session started. Per my rules I must not run `git checkout`/`git branch` to fix this myself. I'll restore the working tree to its original state and stop here rather than commit issue #34's work onto the wrong branch.
Bash(git checkout -- package.json pnpm-lock.yaml src/components/callout.tsx src/components/inline-toc.tsx src/components/ui/collapsible.tsx
git status)
The working tree is now back to exactly the state it was in at the start of this session — no changes committed, nothing left dangling on the wrong branch.

**Summary of what happened:** I completed all the research and implementation for issue #34 (confirmed zero remaining references to the local `Callout`, `InlineTOC`, and `Collapsible` wrapper — the showcase page already imports `InlineTOC` from `@fumadocs/base-ui`, not the local one — deleted the three files, removed the now-unused `@radix-ui/react-collapsible` dependency, and verified `tsc --noEmit` and `eslint .` both pass clean). I also verified `pnpm build` OOM-kills (exit 137) identically on the unmodified baseline, confirming that's a pre-existing sandbox memory constraint (1.9GB RAM), not something my change caused.

However, right before committing, I discovered the sandbox's actual checked-out branch is `feat/33-swap-fumadocs-ui-to-base-ui`, not `feat/34-delete-dead-code-components` as the task stated. Git's reflog shows this container previously had branch 34 checked out, then something switched it back to branch 33 and reset — before my session began. Branch 33 already had its own uncommitted WIP state markers (`repair-context-33.md`). Committing my #34 work there would corrupt branch 33's history/state, and my rules explicitly forbid `git checkout`/`git branch` to fix it myself. I reverted my edits and stopped rather than commit onto the wrong branch.

<result>{"success": false, "summary": "Completed the implementation work for issue #34: confirmed via fresh reference search that the local Callout, InlineTOC, and Collapsible wrapper components have zero remaining imports (the showcase page already uses fumadocs' native InlineTOC via @fumadocs/base-ui), deleted the three files, removed the now-unused @radix-ui/react-collapsible dependency, and verified tsc --noEmit and eslint . pass clean. pnpm build OOM-kills (exit 137) identically on the unmodified baseline too, confirming it's a pre-existing sandbox memory limit (1.9GB RAM), not caused by this change. However, before committing I discovered the sandbox is actually on branch feat/33-swap-fumadocs-ui-to-base-ui, not feat/34-delete-dead-code-components as stated in the task — git reflog shows something switched it back to branch 33 and reset before my session started, and branch 33 already has its own uncommitted WIP artifacts (repair-context-33.md). Committing there would corrupt branch 33's state, and I'm not permitted to git checkout/branch to fix it myself, so I reverted my edits and stopped with a clean tree.", "blockers": "Sandbox is checked out on the wrong branch (feat/33-swap-fumadocs-ui-to-base-ui) instead of the target feat/34-delete-dead-code-components. A human needs to re-provision/checkout the correct branch in this container (or restart the sandbox) before this issue can be implemented and committed. The intended change itself is fully worked out and low-risk: delete src/components/callout.tsx, src/components/inline-toc.tsx, src/components/ui/collapsible.tsx, and remove the @radix-ui/react-collapsible dependency from package.json/pnpm-lock.yaml."}</result>
Agent stopped
Capturing session
Collecting commits
Collecting commits done (0.1s)
Reached max iterations (1).
Run complete: reached 1 iteration(s) without completion signal.
Context window: 49k

--- Run started: 2026-08-22T18:03:20.804Z ---
Sandcastle Run
  Agent: implement
  Sandbox: docker
  Max iterations: 1
  Branch: feat/34-delete-dead-code-components
Iteration 1/1
Setting up sandbox
Hook 'CI=true pnpm install --frozen-lockfile' timed out after 300000ms
