
--- Run started: 2026-08-30T17:25:49.409Z ---
Sandcastle Run
  Agent: implement
  Sandbox: docker
  Max iterations: 1
  Branch: feat/100-xeniapolis-kontexte
Iteration 1/1
Setting up sandbox
  CI=true pnpm install --frozen-lockfile
Setting up sandbox done (0.5s)
Agent started
I'll start by reading the efficiency rules and the implement skill as instructed.The `implement` skill can't be invoked via the Skill tool (disabled for model invocation), so I'll follow its documented workflow manually as instructed by the task. Let me start exploring the codebase.
Bash(git status && echo --- && git log --oneline -10 && echo --- && cat AGENTS.md 2>/dev/null | head -100)
Bash(find . -iname "*kontexte*" -not -path "*/node_modules/*" -not -path "*/.git/*" && echo --- && find . -iname "*nformationsgesellschaft*" -not -path "*/node_modules/*" -not -path "*/.git/*")
Bash(find ./src/content/docs/xeniapolis -not -path "*/node_modules/*" | sort)
Bash(find . -iname "*source-map*" -not -path "*/node_modules/*" -not -path "*/.git*" -not -path "*/.next/*" -not -path "*/.sandcastle/container-cache/*" -not -path "*/out/*")
Bash(wc -l /home/agent/workspace/src/content/docs/xeniapolis/kontexte/konstellationen-beim-uebergang-zur-nformationsgesellschaft.mdx)
Bash(grep -n -i "kontexte" -A 60 /home/agent/workspace/docs/reference/xeniapolis-source-map.md | head -250)
Bash(grep -n "^## " /home/agent/workspace/docs/reference/xeniapolis-source-map.md)
Bash(for f in wertschoepfung/index.mdx zukunft/index.mdx potenziale/index.mdx inszenierung/index.mdx; do echo "=== $f ==="; cat "/home/agent/workspace/src/content/docs/xeniapolis/$f"; echo; done)
Bash(grep -n "status:" -r /home/agent/workspace/src/content/docs/xeniapolis/ | sort)
Bash(find /home/agent/workspace -iname "*xeniapolis*" -not -path "*/node_modules/*" -not -path "*/.git/*" -not -path "*/.next/*" -not -path "*/out/*" -not -path "*/.sandcastle/container-cache/*" | grep -v "src/content/docs" | sort)
Bash(wc -l /home/agent/workspace/scripts/xeniapolis-source-map.ts)
Bash(git log --oneline --follow -- src/content/docs/xeniapolis/kontexte/konstellationen-beim-uebergang-zur-nformationsgesellschaft.mdx)
Bash(timeout 15 curl -sI https://xeniapolis.de/ 2>&1 | head -20)
Good, network access to xeniapolis.de works. Let me fetch the relevant source pages.
Bash(timeout 15 curl -s https://xeniapolis.de/kon/konstart.html | iconv -f iso-8859-1 -t utf-8 2>/dev/null)
Bash(grep -n "Kontexte\|Ansatz\|Gestaltungsschwerpunkt\|^##" /home/agent/workspace/src/content/docs/xeniapolis/annaeherung/die-stadtviertel-der-wissensstadt.mdx)
Let's look at the "Kontexte" section specifically (lines 86-116) and compare with the "Märkte" section (51-86) to see how it maps to the maerkte/index.mdx pattern.
Bash(timeout 15 curl -s https://xeniapolis.de/mar/marstart.html | iconv -f iso-8859-1 -t utf-8 2>/dev/null | grep -i -n "Innovation aus Tradition\|Ansatz\|Netzwerk kooperierender\|Gestaltungsschwerpunkt")
Bash(timeout 15 curl -s https://xeniapolis.de/kon_frame.html | iconv -f iso-8859-1 -t utf-8 2>/dev/null | head -100)
Bash(git show 384fa2d --stat | head -20 && echo --- && git show 384fa2d -- src/content/docs/xeniapolis/maerkte/index.mdx | head -60)
Bash(git log 384fa2d -1 --format="%B")
Bash(grep -n "Innovation aus Tradition\|ersten Weichen" /home/agent/workspace/src/content/docs/xeniapolis/annaeherung/die-stadtviertel-der-wissensstadt.mdx)
Bash(grep -rn "Innovation aus Tradition\|ersten Weichen" /home/agent/workspace/src /home/agent/workspace/docs 2>/dev/null)
Bash(grep -n "Städte erleben" /home/agent/workspace/src/content/docs/xeniapolis/annaeherung/die-stadtviertel-der-wissensstadt.mdx /home/agent/workspace/src/content/docs/xeniapolis/annaeherung/*.mdx /home/agent/workspace/docs/reference/*.md)
Now I understand the pattern. Let me fetch the actual source pages for the Konstellationen tour (ewelt2 + ewelt2a–h).
Bash(for p in ewelt2 ewelt2a ewelt2b ewelt2c ewelt2d ewelt2e ewelt2f ewelt2g ewelt2h; do
  echo "=== $p ==="
  timeout 15 curl -s "https://xeniapolis.de/kon/$p.html" | iconv -f iso-8859-1 -t utf-8 2>/dev/null
  echo
done > /tmp/konstellationen-source.html
wc -l /tmp/konstellationen-source.html)
Bash(find /home/agent/workspace/src/components -iname "*slide*" -o -iname "*illu*" | grep -v node_modules)
Bash(find /home/agent/workspace/src -path "*slides*" -o -iname "*illu*" | grep -v node_modules | sort)
Bash(wc -l /home/agent/workspace/src/data/slides.json /home/agent/workspace/src/data/illus.json)
Bash(find /home/agent/workspace/public -iname "*konstellation*" -o -iname "*2_?*" -o -iname "*ewelt2*" 2>/dev/null; echo ---; ls /home/agent/workspace/public/slides/ 2>/dev/null; echo ---; ls /home/agent/workspace/public/illus/ 2>/dev/null | head -30)
Bash(grep -rn "konstellationen-spektrum-von-guetern-und-leistungen\|kondratieffs-zyklen" /home/agent/workspace/src/content 2>/dev/null)
Bash(grep -n "Illu\|Slide" /home/agent/workspace/src/content/docs/xeniapolis/annaeherung/die-stadtviertel-der-wissensstadt.mdx)
Bash(git log --follow --oneline -- src/content/docs/xeniapolis/kontexte/konstellationen-beim-uebergang-zur-nformationsgesellschaft.mdx | tail -5
echo ---
git show f97ee26 --stat | grep -i konstell
echo ---
git show f97ee26:src/content/docs/xeniapolis/kontexte/konstellationen-beim-uebergang-zur-nformationsgesellschaft.mdx 2>/dev/null | head -20)
Agent idle for 1 minute
Agent idle for 2 minutes
Agent idle for 3 minutes
Agent idle for 4 minutes
Bash(grep -n "kondratieff\|Kondratieff\|slide\|Slide" src/content/docs/xeniapolis/kontexte/konstellationen-beim-uebergang-zur-nformationsgesellschaft.mdx
echo ---
grep -rn "nformationsgesellschaft" --include="*.ts" --include="*.tsx" --include="*.json" --include="*.md" --include="*.mdx" . | grep -v node_modules)
Bash(grep -n "kontexte/index.mdx\|maerkte/index.mdx" docs/reference/xeniapolis-source-map.md)
Bash(sed -n '155,265p' docs/reference/xeniapolis-source-map.md)
Bash(timeout 30 curl -s https://xeniapolis.de/kon/konstart.html -o /tmp/konstart.html && iconv -f iso-8859-1 -t utf-8 /tmp/konstart.html -o /tmp/konstart-utf8.html && wc -l /tmp/konstart-utf8.html)
Bash(timeout 30 curl -s https://xeniapolis.de/kon/konstart.html | iconv -f iso-8859-1 -t utf-8 > /tmp/konstart-utf8.html
wc -l /tmp/konstart-utf8.html)
Bash(timeout 30 curl -s https://xeniapolis.de/mar/marstart.html | iconv -f iso-8859-1 -t utf-8 2>/dev/null | grep -i "innovation aus\|Weichen\|Ansatz" )
Bash(timeout 30 curl -s https://xeniapolis.de/mar/marstart.html | iconv -f iso-8859-1 -t utf-8 2>/dev/null | sed -n '1,140p')
Bash(grep -n "Weichen\|Innovation aus Tradition" src/content/docs/xeniapolis/maerkte/idee-kontakt-begegnungen.mdx docs/reference/xeniapolis-source-map.md 2>/dev/null
echo ---
grep -n "maerkte/index.mdx\|idee-kontakt" docs/reference/xeniapolis-source-map.md)
Bash(grep -n "maerkte/index.mdx" docs/reference/xeniapolis-source-map.md scripts/xeniapolis-source-map.ts
echo "---git blame for tagline---"
git log --all --oneline -S "Innovation aus Tradition" -- src/content/docs/xeniapolis/maerkte/index.mdx docs/reference/glossary.md)
Bash(for p in ewelt2f ewelt2g ewelt2h; do
  echo "=== $p ==="
  timeout 30 curl -s "https://xeniapolis.de/kon/$p.html" | iconv -f iso-8859-1 -t utf-8 2>/dev/null
  echo
done > /tmp/ewelt2fgh.html
wc -l /tmp/ewelt2fgh.html)
Bash(grep -rn "Slide\|Illu" src/content/docs/xeniapolis/maerkte/*.mdx src/content/docs/xeniapolis/annaeherung/*.mdx | grep -v "^.*:1:\|^.*:2:\|^.*:3:" 
echo "---count slide/illu per multi-heading article---"
for f in src/content/docs/xeniapolis/*/*.mdx; do
  n=$(grep -c "^## " "$f")
  s=$(grep -c "<Slide\|<Illu" "$f")
  if [ "$n" -gt 1 ]; then echo "$f: headings=$n refs=$s"; fi
done)
Bash(ls -la public/slides/ public/illus/ 2>/dev/null | head -60)
Bash(timeout 30 curl -s https://xeniapolis.de/kon/ewelt2e.html | iconv -f iso-8859-1 -t utf-8 2>/dev/null)
Bash(for p in ewelt2b ewelt2c ewelt2d; do
  echo "=== $p ==="
  timeout 30 curl -s "https://xeniapolis.de/kon/$p.html" | iconv -f iso-8859-1 -t utf-8 2>/dev/null | sed -n '/<TD WIDTH="600"/,/<\/TD>/p'
  echo
done)
Now writing all the file changes. First, the index.mdx rewrite:Now the rename via `git mv`, and fixing the Konstellationen content:
Bash(git mv src/content/docs/xeniapolis/kontexte/konstellationen-beim-uebergang-zur-nformationsgesellschaft.mdx src/content/docs/xeniapolis/kontexte/konstellationen-beim-uebergang-zur-informationsgesellschaft.mdx
git status --short | head -20)
Now let's fix the content issues in the renamed file: status flip, bold subheadings + paragraph split in 2.5, added Slide ref, and bullet lists in 2.6/2.7/2.8.Now fix sections 2.6, 2.7, 2.8 to use proper Markdown bullet lists:
Agent idle for 1 minute
Agent idle for 900 seconds — no output received. Consider increasing the idle timeout with --idle-timeout.

--- Run started: 2026-08-30T18:11:08.121Z ---
Sandcastle Run
  Agent: implement
  Sandbox: docker
  Max iterations: 1
  Branch: feat/100-xeniapolis-kontexte
Iteration 1/1
Setting up sandbox
  CI=true pnpm install --frozen-lockfile
Setting up sandbox done (0.5s)
Agent started
Bash(cat /home/agent/workspace/.sandcastle/efficiency-rules.md 2>/dev/null; echo "---STATUS---"; git status; echo "---DIFF STAGED---"; git diff --stat HEAD)
Bash(cat /home/agent/workspace/AGENTS.md 2>/dev/null | head -100)
Bash(find .agents/skills/implement -type f | head -20; echo "---"; wc -l .agents/skills/implement/SKILL.md)
Now let me look at the current state of the two files and understand the source material to complete.This looks complete already. Now let's look at the Konstellationen file in full.
Agent idle for 1 minute
Agent idle for 900 seconds — no output received. Consider increasing the idle timeout with --idle-timeout.
